Archive member included to satisfy reference by file (symbol)

/opt/arm-gnu-toolchain-14.2.rel1-x86_64-arm-none-eabi/bin/../lib/gcc/arm-none-eabi/14.2.1/../../../../arm-none-eabi/lib/thumb/v7e-m+fp/hard/libc.a(libc_a-memset.o)
                              build/log_engine.o (memset)
/opt/arm-gnu-toolchain-14.2.rel1-x86_64-arm-none-eabi/bin/../lib/gcc/arm-none-eabi/14.2.1/../../../../arm-none-eabi/lib/thumb/v7e-m+fp/hard/libc.a(libc_a-memcpy.o)
                              build/rtos/queue.o (memcpy)
./libopencm3/lib/libopencm3_stm32f4.a(adc_common_v1.o)
                              build/periphery.o (adc_power_off)
./libopencm3/lib/libopencm3_stm32f4.a(adc_common_v1_multi.o)
                              build/periphery.o (adc_power_on)
./libopencm3/lib/libopencm3_stm32f4.a(adc_common_f47.o)
                              build/periphery.o (adc_set_sample_time)
./libopencm3/lib/libopencm3_stm32f4.a(gpio_common_all.o)
                              build/log_engine.o (gpio_clear)
./libopencm3/lib/libopencm3_stm32f4.a(gpio_common_f0234.o)
                              build/periphery.o (gpio_mode_setup)
./libopencm3/lib/libopencm3_stm32f4.a(i2c_common_v1.o)
                              build/periphery.o (i2c_peripheral_enable)
./libopencm3/lib/libopencm3_stm32f4.a(rcc_common_all.o)
                              build/periphery.o (rcc_periph_clock_enable)
./libopencm3/lib/libopencm3_stm32f4.a(rcc.o)
                              build/periphery.o (rcc_wait_for_osc_ready)
./libopencm3/lib/libopencm3_stm32f4.a(usart_common_all.o)
                              build/periphery.o (usart_set_baudrate)
./libopencm3/lib/libopencm3_stm32f4.a(usart_common_f124.o)
                              build/log_engine.o (usart_send)
./libopencm3/lib/libopencm3_stm32f4.a(vector.o)
                              (reset_handler)
./libopencm3/lib/libopencm3_stm32f4.a(nvic.o)
                              build/periphery.o (nvic_enable_irq)
./libopencm3/lib/libopencm3_stm32f4.a(dwt.o)
                              build/delay.o (dwt_enable_cycle_counter)
./libopencm3/lib/libopencm3_stm32f4.a(flash_common_all.o)
                              ./libopencm3/lib/libopencm3_stm32f4.a(rcc.o) (flash_set_ws)
./libopencm3/lib/libopencm3_stm32f4.a(flash_common_idcache.o)
                              ./libopencm3/lib/libopencm3_stm32f4.a(rcc.o) (flash_dcache_enable)
./libopencm3/lib/libopencm3_stm32f4.a(pwr.o)
                              ./libopencm3/lib/libopencm3_stm32f4.a(rcc.o) (pwr_set_vos_scale)

Discarded input sections

 .text          0x00000000        0x0 build/delay.o
 .data          0x00000000        0x0 build/delay.o
 .bss           0x00000000        0x0 build/delay.o
 .text.dwt_delay_ms
                0x00000000        0xa build/delay.o
 .text          0x00000000        0x0 build/i2c_init.o
 .data          0x00000000        0x0 build/i2c_init.o
 .bss           0x00000000        0x0 build/i2c_init.o
 .debug_line    0x00000000        0x0 build/i2c_init.o
 .debug_str     0x00000000      0x131 build/i2c_init.o
 .comment       0x00000000       0x46 build/i2c_init.o
 .ARM.attributes
                0x00000000       0x34 build/i2c_init.o
 .text          0x00000000        0x0 build/lcd1602.o
 .data          0x00000000        0x0 build/lcd1602.o
 .bss           0x00000000        0x0 build/lcd1602.o
 .text.lcd1602_write_byte
                0x00000000       0x5c build/lcd1602.o
 .text.lcd1602_setup
                0x00000000       0x42 build/lcd1602.o
 .text.lcd1602_print_string
                0x00000000       0x20 build/lcd1602.o
 .debug_info    0x00000000      0x31b build/lcd1602.o
 .debug_abbrev  0x00000000      0x12d build/lcd1602.o
 .debug_loclists
                0x00000000      0x101 build/lcd1602.o
 .debug_aranges
                0x00000000       0x30 build/lcd1602.o
 .debug_rnglists
                0x00000000       0x1f build/lcd1602.o
 .debug_line    0x00000000      0x279 build/lcd1602.o
 .debug_str     0x00000000      0x245 build/lcd1602.o
 .comment       0x00000000       0x46 build/lcd1602.o
 .debug_frame   0x00000000       0x6c build/lcd1602.o
 .ARM.attributes
                0x00000000       0x34 build/lcd1602.o
 .text          0x00000000        0x0 build/log_engine.o
 .data          0x00000000        0x0 build/log_engine.o
 .bss           0x00000000        0x0 build/log_engine.o
 .text          0x00000000        0x0 build/main.o
 .data          0x00000000        0x0 build/main.o
 .bss           0x00000000        0x0 build/main.o
 .text          0x00000000        0x0 build/periphery.o
 .data          0x00000000        0x0 build/periphery.o
 .bss           0x00000000        0x0 build/periphery.o
 .text          0x00000000        0x0 build/send_log.o
 .data          0x00000000        0x0 build/send_log.o
 .bss           0x00000000        0x0 build/send_log.o
 .text          0x00000000        0x0 build/soil.o
 .data          0x00000000        0x0 build/soil.o
 .bss           0x00000000        0x0 build/soil.o
[...]
Memory Configuration

Name             Origin             Length             Attributes
rom              0x08000000         0x00080000         xr
ram              0x20000000         0x00020000         xrw
*default*        0x00000000         0xffffffff

Linker script and memory map

LOAD build/delay.o
LOAD build/i2c_init.o
LOAD build/lcd1602.o
LOAD build/log_engine.o
LOAD build/main.o
LOAD build/periphery.o
LOAD build/send_log.o
LOAD build/soil.o
LOAD build/rtos/tasks.o
LOAD build/rtos/queue.o
LOAD build/rtos/list.o
LOAD build/rtos/port.o
LOAD build/rtos/heap_4.o
START GROUP
LOAD /opt/arm-gnu-toolchain-14.2.rel1-x86_64-arm-none-eabi/bin/../lib/gcc/arm-none-eabi/14.2.1/../../../../arm-none-eabi/lib/thumb/v7e-m+fp/hard/libc.a
LOAD /opt/arm-gnu-toolchain-14.2.rel1-x86_64-arm-none-eabi/bin/../lib/gcc/arm-none-eabi/14.2.1/thumb/v7e-m+fp/hard/libgcc.a
LOAD /opt/arm-gnu-toolchain-14.2.rel1-x86_64-arm-none-eabi/bin/../lib/gcc/arm-none-eabi/14.2.1/../../../../arm-none-eabi/lib/thumb/v7e-m+fp/hard/libnosys.a
END GROUP
LOAD ./libopencm3/lib/libopencm3_stm32f4.a
START GROUP
LOAD /opt/arm-gnu-toolchain-14.2.rel1-x86_64-arm-none-eabi/bin/../lib/gcc/arm-none-eabi/14.2.1/thumb/v7e-m+fp/hard/libgcc.a
LOAD /opt/arm-gnu-toolchain-14.2.rel1-x86_64-arm-none-eabi/bin/../lib/gcc/arm-none-eabi/14.2.1/../../../../arm-none-eabi/lib/thumb/v7e-m+fp/hard/libc.a
END GROUP
START GROUP
LOAD /opt/arm-gnu-toolchain-14.2.rel1-x86_64-arm-none-eabi/bin/../lib/gcc/arm-none-eabi/14.2.1/thumb/v7e-m+fp/hard/libgcc.a
LOAD /opt/arm-gnu-toolchain-14.2.rel1-x86_64-arm-none-eabi/bin/../lib/gcc/arm-none-eabi/14.2.1/../../../../arm-none-eabi/lib/thumb/v7e-m+fp/hard/libc.a
LOAD /opt/arm-gnu-toolchain-14.2.rel1-x86_64-arm-none-eabi/bin/../lib/gcc/arm-none-eabi/14.2.1/../../../../arm-none-eabi/lib/thumb/v7e-m+fp/hard/libnosys.a
END GROUP

.text           0x08000000     0x1cd8
 *(.vectors)
 .vectors       0x08000000      0x1ac ./libopencm3/lib/libopencm3_stm32f4.a(vector.o)
                0x08000000                vector_table
 *(.text*)
 .text.dwt_setup
                0x080001ac        0xe build/delay.o
                0x080001ac                dwt_setup
 *fill*         0x080001ba        0x2 
 .text.dwt_delay_us
                0x080001bc       0x2c build/delay.o
                0x080001bc                dwt_delay_us
 .text.usart_tx_task
                0x080001e8       0x4c build/log_engine.o
 .text.logger_task
                0x08000234       0x58 build/log_engine.o
 .text.scan_solid_task
                0x0800028c       0x54 build/log_engine.o
 .text.start_app
                0x080002e0       0x9c build/log_engine.o
                0x080002e0                start_app
 .text.startup.main
                0x0800037c       0x20 build/main.o
                0x0800037c                main
 .text.clock_setup
                0x0800039c       0x48 build/periphery.o
                0x0800039c                clock_setup
 .text.adc_setup
                0x080003e4       0x44 build/periphery.o
                0x080003e4                adc_setup
 .text.gpio_setup
                0x08000428       0x88 build/periphery.o
                0x08000428                gpio_setup
 .text.i2c_setup
                0x080004b0       0x28 build/periphery.o
                0x080004b0                i2c_setup
 .text.usart_setup
                0x080004d8       0x50 build/periphery.o
                0x080004d8                usart_setup
 .text.create_log
                0x08000528       0xf8 build/send_log.o
                0x08000528                create_log
 .text.send_log_queue
                0x08000620       0x2c build/send_log.o
                0x08000620                send_log_queue
 .text.read_soil_digital
                0x0800064c       0x18 build/soil.o
                0x0800064c                read_soil_digital
 .text.read_soil_analog
                0x08000664       0x20 build/soil.o
                0x08000664                read_soil_analog
 .text.to_percent
                0x08000684       0x14 build/soil.o
                0x08000684                to_percent
 .text.prvAddCurrentTaskToDelayedList
                0x08000698       0x88 build/rtos/tasks.o
 .text.prvResetNextTaskUnblockTime
                0x08000720       0x24 build/rtos/tasks.o
 .text.xTaskCreate
                0x08000744      0x1a4 build/rtos/tasks.o
                0x08000744                xTaskCreate
 .text.vTaskStartScheduler
                0x080008e8       0x60 build/rtos/tasks.o
                0x080008e8                vTaskStartScheduler
 .text.vTaskSuspendAll
                0x08000948       0x10 build/rtos/tasks.o
                0x08000948                vTaskSuspendAll
 .text.xTaskIncrementTick
                0x08000958      0x11c build/rtos/tasks.o
                0x08000958                xTaskIncrementTick
 .text.xTaskResumeAll
                0x08000a74       0xd8 build/rtos/tasks.o
                0x08000a74                xTaskResumeAll
 .text.vTaskDelay
                0x08000b4c       0x2e build/rtos/tasks.o
                0x08000b4c                vTaskDelay
 *fill*         0x08000b7a        0x2 
 .text.prvIdleTask
                0x08000b7c       0x74 build/rtos/tasks.o
 .text.vTaskSwitchContext
                0x08000bf0       0x54 build/rtos/tasks.o
                0x08000bf0                vTaskSwitchContext
 .text.vTaskPlaceOnEventList
                0x08000c44       0x20 build/rtos/tasks.o
                0x08000c44                vTaskPlaceOnEventList
 .text.xTaskRemoveFromEventList
                0x08000c64       0x70 build/rtos/tasks.o
                0x08000c64                xTaskRemoveFromEventList
 .text.vTaskSetTimeOutState
                0x08000cd4       0x18 build/rtos/tasks.o
                0x08000cd4                vTaskSetTimeOutState
 .text.xTaskCheckForTimeOut
                0x08000cec       0x4c build/rtos/tasks.o
                0x08000cec                xTaskCheckForTimeOut
 .text.vTaskMissedYield
                0x08000d38        0xc build/rtos/tasks.o
                0x08000d38                vTaskMissedYield
 .text.vTaskPriorityInherit
                0x08000d44       0x90 build/rtos/tasks.o
                0x08000d44                vTaskPriorityInherit
 .text.xTaskPriorityDisinherit
                0x08000dd4       0x70 build/rtos/tasks.o
                0x08000dd4                xTaskPriorityDisinherit
 .text.pvTaskIncrementMutexHeldCount
                0x08000e44       0x18 build/rtos/tasks.o
                0x08000e44                pvTaskIncrementMutexHeldCount
 .text.prvCopyDataToQueue
                0x08000e5c       0x66 build/rtos/queue.o
 .text.prvCopyDataFromQueue
                0x08000ec2       0x2a build/rtos/queue.o
 .text.prvUnlockQueue
                0x08000eec       0x6c build/rtos/queue.o
 .text.xQueueGenericReset
                0x08000f58       0x6a build/rtos/queue.o
                0x08000f58                xQueueGenericReset
 .text.xQueueGenericCreate
                0x08000fc2       0x2e build/rtos/queue.o
                0x08000fc2                xQueueGenericCreate
 .text.xQueueGenericSend
                0x08000ff0       0xfa build/rtos/queue.o
                0x08000ff0                xQueueGenericSend
 .text.xQueueGenericReceive
                0x080010ea      0x138 build/rtos/queue.o
                0x080010ea                xQueueGenericReceive
 .text.vListInitialise
                0x08001222       0x16 build/rtos/list.o
                0x08001222                vListInitialise
 .text.vListInitialiseItem
                0x08001238        0x6 build/rtos/list.o
                0x08001238                vListInitialiseItem
 .text.vListInsertEnd
                0x0800123e       0x16 build/rtos/list.o
                0x0800123e                vListInsertEnd
 .text.vListInsert
                0x08001254       0x2e build/rtos/list.o
                0x08001254                vListInsert
 .text.uxListRemove
                0x08001282       0x22 build/rtos/list.o
                0x08001282                uxListRemove
 .text.prvTaskExitError
                0x080012a4       0x12 build/rtos/port.o
 *fill*         0x080012b6        0x2 
 .text.prvPortStartFirstTask
                0x080012b8       0x20 build/rtos/port.o
 .text.pxPortInitialiseStack
                0x080012d8       0x24 build/rtos/port.o
                0x080012d8                pxPortInitialiseStack
 *fill*         0x080012fc        0x4 
 .text.sv_call_handler
                0x08001300       0x24 build/rtos/port.o
                0x08001300                sv_call_handler
 .text.vPortEnterCritical
                0x08001324       0x20 build/rtos/port.o
                0x08001324                vPortEnterCritical
 .text.vPortExitCritical
                0x08001344       0x14 build/rtos/port.o
                0x08001344                vPortExitCritical
 *fill*         0x08001358        0x8 
 .text.pend_sv_handler
                0x08001360       0x44 build/rtos/port.o
                0x08001360                pend_sv_handler
 .text.sys_tick_handler
                0x080013a4       0x2c build/rtos/port.o
                0x080013a4                sys_tick_handler
 .text.vPortSetupTimerInterrupt
                0x080013d0       0x10 build/rtos/port.o
                0x080013d0                vPortSetupTimerInterrupt
 .text.xPortStartScheduler
                0x080013e0       0x34 build/rtos/port.o
                0x080013e0                xPortStartScheduler
 .text.prvInsertBlockIntoFreeList
                0x08001414       0x4c build/rtos/heap_4.o
 .text.pvPortMalloc
                0x08001460       0xf8 build/rtos/heap_4.o
                0x08001460                pvPortMalloc
 .text.vPortFree
                0x08001558       0x4c build/rtos/heap_4.o
                0x08001558                vPortFree
 .text.memset   0x080015a4       0x9c /opt/arm-gnu-toolchain-14.2.rel1-x86_64-arm-none-eabi/bin/../lib/gcc/arm-none-eabi/14.2.1/../../../../arm-none-eabi/lib/thumb/v7e-m+fp/hard/libc.a(libc_a-memset.o)
                0x080015a4                memset
 .text          0x08001640      0x134 /opt/arm-gnu-toolchain-14.2.rel1-x86_64-arm-none-eabi/bin/../lib/gcc/arm-none-eabi/14.2.1/../../../../arm-none-eabi/lib/thumb/v7e-m+fp/hard/libc.a(libc_a-memcpy.o)
                0x08001640                memcpy
 .text.adc_power_off
                0x08001774        0xa ./libopencm3/lib/libopencm3_stm32f4.a(adc_common_v1.o)
                0x08001774                adc_power_off
 .text.adc_disable_scan_mode
                0x0800177e        0xa ./libopencm3/lib/libopencm3_stm32f4.a(adc_common_v1.o)
                0x0800177e                adc_disable_scan_mode
 .text.adc_eoc  0x08001788        0x8 ./libopencm3/lib/libopencm3_stm32f4.a(adc_common_v1.o)
                0x08001788                adc_eoc
 .text.adc_read_regular
                0x08001790        0x4 ./libopencm3/lib/libopencm3_stm32f4.a(adc_common_v1.o)
                0x08001790                adc_read_regular
 .text.adc_set_single_conversion_mode
                0x08001794        0xa ./libopencm3/lib/libopencm3_stm32f4.a(adc_common_v1.o)
                0x08001794                adc_set_single_conversion_mode
 .text.adc_set_regular_sequence
                0x0800179e       0x5c ./libopencm3/lib/libopencm3_stm32f4.a(adc_common_v1.o)
                0x0800179e                adc_set_regular_sequence
 .text.adc_start_conversion_regular
                0x080017fa       0x14 ./libopencm3/lib/libopencm3_stm32f4.a(adc_common_v1.o)
                0x080017fa                adc_start_conversion_regular
 .text.adc_power_on
                0x0800180e        0xa ./libopencm3/lib/libopencm3_stm32f4.a(adc_common_v1_multi.o)
                0x0800180e                adc_power_on
 .text.adc_set_sample_time
                0x08001818       0x34 ./libopencm3/lib/libopencm3_stm32f4.a(adc_common_f47.o)
                0x08001818                adc_set_sample_time
 .text.gpio_clear
                0x0800184c        0x6 ./libopencm3/lib/libopencm3_stm32f4.a(gpio_common_all.o)
                0x0800184c                gpio_clear
 .text.gpio_get
                0x08001852        0x6 ./libopencm3/lib/libopencm3_stm32f4.a(gpio_common_all.o)
                0x08001852                gpio_get
 .text.gpio_toggle
                0x08001858       0x12 ./libopencm3/lib/libopencm3_stm32f4.a(gpio_common_all.o)
                0x08001858                gpio_toggle
 .text.gpio_mode_setup
                0x0800186a       0x40 ./libopencm3/lib/libopencm3_stm32f4.a(gpio_common_f0234.o)
                0x0800186a                gpio_mode_setup
 .text.gpio_set_output_options
                0x080018aa       0x36 ./libopencm3/lib/libopencm3_stm32f4.a(gpio_common_f0234.o)
                0x080018aa                gpio_set_output_options
 .text.gpio_set_af
                0x080018e0       0x58 ./libopencm3/lib/libopencm3_stm32f4.a(gpio_common_f0234.o)
                0x080018e0                gpio_set_af
 .text.i2c_peripheral_enable
                0x08001938        0xa ./libopencm3/lib/libopencm3_stm32f4.a(i2c_common_v1.o)
                0x08001938                i2c_peripheral_enable
 .text.i2c_peripheral_disable
                0x08001942        0xa ./libopencm3/lib/libopencm3_stm32f4.a(i2c_common_v1.o)
                0x08001942                i2c_peripheral_disable
 .text.i2c_set_own_7bit_slave_address
                0x0800194c        0xa ./libopencm3/lib/libopencm3_stm32f4.a(i2c_common_v1.o)
                0x0800194c                i2c_set_own_7bit_slave_address
 .text.i2c_set_clock_frequency
                0x08001956        0xe ./libopencm3/lib/libopencm3_stm32f4.a(i2c_common_v1.o)
                0x08001956                i2c_set_clock_frequency
 .text.i2c_set_fast_mode
                0x08001964        0xa ./libopencm3/lib/libopencm3_stm32f4.a(i2c_common_v1.o)
                0x08001964                i2c_set_fast_mode
 .text.i2c_set_standard_mode
                0x0800196e        0xa ./libopencm3/lib/libopencm3_stm32f4.a(i2c_common_v1.o)
                0x0800196e                i2c_set_standard_mode
 .text.i2c_set_ccr
                0x08001978        0xc ./libopencm3/lib/libopencm3_stm32f4.a(i2c_common_v1.o)
                0x08001978                i2c_set_ccr
 .text.i2c_set_speed
                0x08001984       0x3a ./libopencm3/lib/libopencm3_stm32f4.a(i2c_common_v1.o)
                0x08001984                i2c_set_speed
 .text.rcc_periph_clock_enable
                0x080019be       0x1a ./libopencm3/lib/libopencm3_stm32f4.a(rcc_common_all.o)
                0x080019be                rcc_periph_clock_enable
 .text.rcc_is_osc_ready
                0x080019d8       0x64 ./libopencm3/lib/libopencm3_stm32f4.a(rcc.o)
                0x080019d8                rcc_is_osc_ready
 .text.rcc_wait_for_osc_ready
                0x08001a3c       0x10 ./libopencm3/lib/libopencm3_stm32f4.a(rcc.o)
                0x08001a3c                rcc_wait_for_osc_ready
 .text.rcc_osc_on
                0x08001a4c       0x74 ./libopencm3/lib/libopencm3_stm32f4.a(rcc.o)
                0x08001a4c                rcc_osc_on
 .text.rcc_set_sysclk_source
                0x08001ac0       0x18 ./libopencm3/lib/libopencm3_stm32f4.a(rcc.o)
                0x08001ac0                rcc_set_sysclk_source
 .text.rcc_get_usart_clk_freq
                0x08001ad8       0x20 ./libopencm3/lib/libopencm3_stm32f4.a(rcc.o)
                0x08001ad8                rcc_get_usart_clk_freq
 .text.usart_set_baudrate
                0x08001af8       0x16 ./libopencm3/lib/libopencm3_stm32f4.a(usart_common_all.o)
                0x08001af8                usart_set_baudrate
 .text.usart_set_databits
                0x08001b0e       0x12 ./libopencm3/lib/libopencm3_stm32f4.a(usart_common_all.o)
                0x08001b0e                usart_set_databits
 .text.usart_set_stopbits
                0x08001b20        0xc ./libopencm3/lib/libopencm3_stm32f4.a(usart_common_all.o)
                0x08001b20                usart_set_stopbits
 .text.usart_set_parity
                0x08001b2c        0xc ./libopencm3/lib/libopencm3_stm32f4.a(usart_common_all.o)
                0x08001b2c                usart_set_parity
 .text.usart_set_mode
                0x08001b38        0xc ./libopencm3/lib/libopencm3_stm32f4.a(usart_common_all.o)
                0x08001b38                usart_set_mode
 .text.usart_set_flow_control
                0x08001b44        0xc ./libopencm3/lib/libopencm3_stm32f4.a(usart_common_all.o)
                0x08001b44                usart_set_flow_control
 .text.usart_enable
                0x08001b50        0xa ./libopencm3/lib/libopencm3_stm32f4.a(usart_common_all.o)
                0x08001b50                usart_enable
 .text.usart_enable_rx_interrupt
                0x08001b5a        0xa ./libopencm3/lib/libopencm3_stm32f4.a(usart_common_all.o)
                0x08001b5a                usart_enable_rx_interrupt
 .text.usart_send
                0x08001b64        0x8 ./libopencm3/lib/libopencm3_stm32f4.a(usart_common_f124.o)
                0x08001b64                usart_send
 .text.usart_get_flag
                0x08001b6c        0xc ./libopencm3/lib/libopencm3_stm32f4.a(usart_common_f124.o)
                0x08001b6c                usart_get_flag
 .text.blocking_handler
                0x08001b78        0x2 ./libopencm3/lib/libopencm3_stm32f4.a(vector.o)
                0x08001b78                dma2_stream1_isr
                0x08001b78                tim8_brk_tim12_isr
                0x08001b78                dma1_stream7_isr
                0x08001b78                usart3_isr
                0x08001b78                tim7_isr
                0x08001b78                dma2d_isr
                0x08001b78                uart8_isr
                0x08001b78                dma1_stream2_isr
                0x08001b78                otg_hs_isr
                0x08001b78                blocking_handler
                0x08001b78                tim5_isr
                0x08001b78                rtc_wkup_isr
                0x08001b78                otg_fs_isr
                0x08001b78                spi1_isr
                0x08001b78                i2c3_er_isr
                0x08001b78                exti2_isr
                0x08001b78                spi5_isr
                0x08001b78                usb_fs_wkup_isr
                0x08001b78                tamp_stamp_isr
                0x08001b78                can1_rx1_isr
                0x08001b78                dma2_stream0_isr
                0x08001b78                usart1_isr
                0x08001b78                i2c3_ev_isr
                0x08001b78                usage_fault_handler
                0x08001b78                can2_rx0_isr
                0x08001b78                dma1_stream6_isr
                0x08001b78                can2_rx1_isr
                0x08001b78                can1_sce_isr
                0x08001b78                tim1_cc_isr
                0x08001b78                can1_tx_isr
                0x08001b78                tim1_up_tim10_isr
                0x08001b78                sdio_isr
                0x08001b78                eth_isr
                0x08001b78                spi6_isr
                0x08001b78                dma2_stream5_isr
                0x08001b78                pvd_isr
                0x08001b78                can1_rx0_isr
                0x08001b78                rcc_isr
                0x08001b78                dma2_stream3_isr
                0x08001b78                flash_isr
                0x08001b78                uart4_isr
                0x08001b78                lcd_tft_isr
                0x08001b78                rtc_alarm_isr
                0x08001b78                exti15_10_isr
                0x08001b78                hash_rng_isr
                0x08001b78                tim1_trg_com_tim11_isr
                0x08001b78                hard_fault_handler
                0x08001b78                exti1_isr
                0x08001b78                i2c1_ev_isr
                0x08001b78                usart6_isr
                0x08001b78                spi2_isr
                0x08001b78                cryp_isr
                0x08001b78                nvic_wwdg_isr
                0x08001b78                dma1_stream1_isr
                0x08001b78                dma2_stream4_isr
                0x08001b78                exti3_isr
                0x08001b78                tim3_isr
                0x08001b78                usart2_isr
                0x08001b78                sai1_isr
                0x08001b78                fpu_isr
                0x08001b78                dma1_stream4_isr
                0x08001b78                i2c2_er_isr
                0x08001b78                i2c2_ev_isr
                0x08001b78                uart5_isr
                0x08001b78                dma2_stream6_isr
                0x08001b78                spi4_isr
                0x08001b78                adc_isr
                0x08001b78                dma2_stream7_isr
                0x08001b78                tim8_up_tim13_isr
                0x08001b78                fsmc_isr
                0x08001b78                exti4_isr
                0x08001b78                tim6_dac_isr
                0x08001b78                dma1_stream3_isr
                0x08001b78                tim8_trg_com_tim14_isr
                0x08001b78                mem_manage_handler
                0x08001b78                lcd_tft_err_isr
                0x08001b78                can2_tx_isr
                0x08001b78                exti9_5_isr
                0x08001b78                tim1_brk_tim9_isr
                0x08001b78                uart7_isr
                0x08001b78                can2_sce_isr
                0x08001b78                tim4_isr
                0x08001b78                otg_hs_wkup_isr
                0x08001b78                i2c1_er_isr
                0x08001b78                dma1_stream0_isr
                0x08001b78                tim8_cc_isr
                0x08001b78                dcmi_isr
                0x08001b78                dma2_stream2_isr
                0x08001b78                eth_wkup_isr
                0x08001b78                bus_fault_handler
                0x08001b78                otg_hs_ep1_out_isr
                0x08001b78                spi3_isr
                0x08001b78                dma1_stream5_isr
                0x08001b78                otg_hs_ep1_in_isr
                0x08001b78                tim2_isr
                0x08001b78                exti0_isr
 .text.null_handler
                0x08001b7a        0x2 ./libopencm3/lib/libopencm3_stm32f4.a(vector.o)
                0x08001b7a                null_handler
                0x08001b7a                debug_monitor_handler
                0x08001b7a                nmi_handler
 .text.reset_handler
                0x08001b7c       0xa0 ./libopencm3/lib/libopencm3_stm32f4.a(vector.o)
                0x08001b7c                reset_handler
 .text.nvic_enable_irq
                0x08001c1c       0x18 ./libopencm3/lib/libopencm3_stm32f4.a(nvic.o)
                0x08001c1c                nvic_enable_irq
 .text.dwt_enable_cycle_counter
                0x08001c34       0x30 ./libopencm3/lib/libopencm3_stm32f4.a(dwt.o)
                0x08001c34                dwt_enable_cycle_counter
 .text.dwt_read_cycle_counter
                0x08001c64       0x14 ./libopencm3/lib/libopencm3_stm32f4.a(dwt.o)
                0x08001c64                dwt_read_cycle_counter
                0x08001c78                        . = ALIGN (0x4)
 *(.rodata*)
 .rodata.start_app.str1.1
                0x08001c78       0x5d build/log_engine.o
                                 0x1a (size before relaxing)
 .rodata.create_log.str1.1
                0x08001cd5       0x3e build/send_log.o
 .rodata.vTaskStartScheduler.str1.1
                0x08001cd5        0x5 build/rtos/tasks.o
                0x08001d14                        . = ALIGN (0x4)
 *fill*         0x08001cd5        0x3 

.glue_7         0x08001cd8        0x0
 .glue_7        0x08001cd8        0x0 linker stubs

.glue_7t        0x08001cd8        0x0
 .glue_7t       0x08001cd8        0x0 linker stubs

.vfp11_veneer   0x08001cd8        0x0
 .vfp11_veneer  0x08001cd8        0x0 linker stubs

.v4_bx          0x08001cd8        0x0
 .v4_bx         0x08001cd8        0x0 linker stubs

.iplt           0x08001cd8        0x0
 .iplt          0x08001cd8        0x0 build/delay.o

.preinit_array  0x08001cd8        0x0
                0x08001cd8                        . = ALIGN (0x4)
                0x08001cd8                        __preinit_array_start = .
 *(.preinit_array)
                0x08001cd8                        __preinit_array_end = .

.init_array     0x08001cd8        0x0
                0x08001cd8                        . = ALIGN (0x4)
                0x08001cd8                        __init_array_start = .
 *(SORT_BY_NAME(.init_array.*))
 *(.init_array)
                0x08001cd8                        __init_array_end = .

.fini_array     0x08001cd8        0x0
                0x08001cd8                        . = ALIGN (0x4)
                0x08001cd8                        __fini_array_start = .
 *(.fini_array)
 *(SORT_BY_NAME(.fini_array.*))
                0x08001cd8                        __fini_array_end = .

.ARM.extab
 *(.ARM.extab*)

.ARM.exidx      0x08001cd8        0x8
                0x08001cd8                        __exidx_start = .
 *(.ARM.exidx*)
 .ARM.exidx     0x08001cd8        0x8 /opt/arm-gnu-toolchain-14.2.rel1-x86_64-arm-none-eabi/bin/../lib/gcc/arm-none-eabi/14.2.1/../../../../arm-none-eabi/lib/thumb/v7e-m+fp/hard/libc.a(libc_a-memcpy.o)
                0x08001ce0                        __exidx_end = .

.rel.dyn        0x08001ce0        0x0
 .rel.iplt      0x08001ce0        0x0 build/delay.o
                0x08001ce0                        . = ALIGN (0x4)
                0x08001ce0                        _etext = .

.data           0x20000000       0x10 load address 0x08001ce0
                0x20000000                        _data = .
 *(.data*)
 .data.uxCriticalNesting
                0x20000000        0x4 build/rtos/port.o
 .data.rcc_apb2_frequency
                0x20000004        0x4 ./libopencm3/lib/libopencm3_stm32f4.a(rcc.o)
                0x20000004                rcc_apb2_frequency
 .data.rcc_apb1_frequency
                0x20000008        0x4 ./libopencm3/lib/libopencm3_stm32f4.a(rcc.o)
                0x20000008                rcc_apb1_frequency
 .data.rcc_ahb_frequency
                0x2000000c        0x4 ./libopencm3/lib/libopencm3_stm32f4.a(rcc.o)
                0x2000000c                rcc_ahb_frequency
                0x20000010                        . = ALIGN (0x4)
                0x20000010                        _edata = .
                0x08001ce0                        _data_loadaddr = LOADADDR (.data)

.igot.plt       0x20000010        0x0 load address 0x08001cf0
 .igot.plt      0x20000010        0x0 build/delay.o

.bss            0x20000010     0x6124 load address 0x08001cf0
 *(.bss*)
 .bss.xHumData  0x20000010        0x4 build/log_engine.o
                0x20000010                xHumData
 .bss.xLogData  0x20000014        0x4 build/log_engine.o
                0x20000014                xLogData
 .bss.uxSchedulerSuspended
                0x20000018        0x4 build/rtos/tasks.o
 .bss.xIdleTaskHandle
                0x2000001c        0x4 build/rtos/tasks.o
 .bss.xNextTaskUnblockTime
                0x20000020        0x4 build/rtos/tasks.o
 .bss.uxTaskNumber
                0x20000024        0x4 build/rtos/tasks.o
 .bss.xNumOfOverflows
                0x20000028        0x4 build/rtos/tasks.o
 .bss.xYieldPending
                0x2000002c        0x4 build/rtos/tasks.o
 .bss.uxPendedTicks
                0x20000030        0x4 build/rtos/tasks.o
 .bss.xSchedulerRunning
                0x20000034        0x4 build/rtos/tasks.o
 .bss.uxTopReadyPriority
                0x20000038        0x4 build/rtos/tasks.o
 .bss.xTickCount
                0x2000003c        0x4 build/rtos/tasks.o
 .bss.uxCurrentNumberOfTasks
                0x20000040        0x4 build/rtos/tasks.o
 .bss.xSuspendedTaskList
                0x20000044       0x14 build/rtos/tasks.o
 .bss.uxDeletedTasksWaitingCleanUp
                0x20000058        0x4 build/rtos/tasks.o
 .bss.xTasksWaitingTermination
                0x2000005c       0x14 build/rtos/tasks.o
 .bss.xPendingReadyList
                0x20000070       0x14 build/rtos/tasks.o
 .bss.pxOverflowDelayedTaskList
                0x20000084        0x4 build/rtos/tasks.o
 .bss.pxDelayedTaskList
                0x20000088        0x4 build/rtos/tasks.o
 .bss.xDelayedTaskList2
                0x2000008c       0x14 build/rtos/tasks.o
 .bss.xDelayedTaskList1
                0x200000a0       0x14 build/rtos/tasks.o
 .bss.pxReadyTasksLists
                0x200000b4       0x64 build/rtos/tasks.o
 .bss.pxCurrentTCB
                0x20000118        0x4 build/rtos/tasks.o
                0x20000118                pxCurrentTCB
 .bss.xBlockAllocatedBit
                0x2000011c        0x4 build/rtos/heap_4.o
 .bss.xMinimumEverFreeBytesRemaining
                0x20000120        0x4 build/rtos/heap_4.o
 .bss.xFreeBytesRemaining
                0x20000124        0x4 build/rtos/heap_4.o
 .bss.pxEnd     0x20000128        0x4 build/rtos/heap_4.o
 .bss.xStart    0x2000012c        0x8 build/rtos/heap_4.o
 .bss.ucHeap    0x20000134     0x6000 build/rtos/heap_4.o
 *(COMMON)
                0x20006134                        . = ALIGN (0x4)
                0x20006134                        _ebss = .

/DISCARD/
 *(.eh_frame)
                0x20006134                        . = ALIGN (0x4)
                0x20006134                        end = .
                0x20020000                        PROVIDE (_stack = (ORIGIN (ram) + LENGTH (ram)))
OUTPUT(build/main.elf elf32-littlearm)
LOAD linker stubs

.debug_info     0x00000000     0x9be8
 .debug_info    0x00000000      0x16c build/delay.o
 .debug_info    0x0000016c      0x744 build/log_engine.o
 .debug_info    0x000008b0      0x13b build/main.o
 .debug_info    0x000009eb      0xc38 build/periphery.o
 .debug_info    0x00001623      0x2c5 build/send_log.o
 .debug_info    0x000018e8      0x1ce build/soil.o
 .debug_info    0x00001ab6     0x2050 build/rtos/tasks.o
 .debug_info    0x00003b06     0x1486 build/rtos/queue.o
 .debug_info    0x00004f8c      0x2ae build/rtos/list.o
 .debug_info    0x0000523a      0x316 build/rtos/port.o
 .debug_info    0x00005550      0x423 build/rtos/heap_4.o
 .debug_info    0x00005973      0x858 ./libopencm3/lib/libopencm3_stm32f4.a(adc_common_v1.o)
 .debug_info    0x000061cb      0x38b ./libopencm3/lib/libopencm3_stm32f4.a(adc_common_v1_multi.o)
 .debug_info    0x00006556      0x18c ./libopencm3/lib/libopencm3_stm32f4.a(adc_common_f47.o)
 .debug_info    0x000066e2      0x256 ./libopencm3/lib/libopencm3_stm32f4.a(gpio_common_all.o)
 .debug_info    0x00006938      0x21b ./libopencm3/lib/libopencm3_stm32f4.a(gpio_common_f0234.o)
 .debug_info    0x00006b53      0x9ff ./libopencm3/lib/libopencm3_stm32f4.a(i2c_common_v1.o)
 .debug_info    0x00007552      0x932 ./libopencm3/lib/libopencm3_stm32f4.a(rcc_common_all.o)
 .debug_info    0x00007e84      0xfa1 ./libopencm3/lib/libopencm3_stm32f4.a(rcc.o)
 .debug_info    0x00008e25      0x665 ./libopencm3/lib/libopencm3_stm32f4.a(usart_common_all.o)
 .debug_info    0x0000948a      0x192 ./libopencm3/lib/libopencm3_stm32f4.a(usart_common_f124.o)
 .debug_info    0x0000961c      0x2d9 ./libopencm3/lib/libopencm3_stm32f4.a(vector.o)
 .debug_info    0x000098f5      0x239 ./libopencm3/lib/libopencm3_stm32f4.a(nvic.o)
 .debug_info    0x00009b2e       0xba ./libopencm3/lib/libopencm3_stm32f4.a(dwt.o)

.debug_abbrev   0x00000000     0x26b6
 .debug_abbrev  0x00000000       0xe4 build/delay.o
 .debug_abbrev  0x000000e4      0x233 build/log_engine.o
 .debug_abbrev  0x00000317       0xaf build/main.o
 .debug_abbrev  0x000003c6      0x120 build/periphery.o
 .debug_abbrev  0x000004e6      0x1b5 build/send_log.o
 .debug_abbrev  0x0000069b       0xef build/soil.o
 .debug_abbrev  0x0000078a      0x48b build/rtos/tasks.o
 .debug_abbrev  0x00000c15      0x34d build/rtos/queue.o
 .debug_abbrev  0x00000f62      0x103 build/rtos/list.o
 .debug_abbrev  0x00001065      0x220 build/rtos/port.o
 .debug_abbrev  0x00001285      0x243 build/rtos/heap_4.o
 .debug_abbrev  0x000014c8      0x1ab ./libopencm3/lib/libopencm3_stm32f4.a(adc_common_v1.o)
 .debug_abbrev  0x00001673      0x16c ./libopencm3/lib/libopencm3_stm32f4.a(adc_common_v1_multi.o)
 .debug_abbrev  0x000017df       0xf0 ./libopencm3/lib/libopencm3_stm32f4.a(adc_common_f47.o)
 .debug_abbrev  0x000018cf      0x115 ./libopencm3/lib/libopencm3_stm32f4.a(gpio_common_all.o)
 .debug_abbrev  0x000019e4       0xc2 ./libopencm3/lib/libopencm3_stm32f4.a(gpio_common_f0234.o)
 .debug_abbrev  0x00001aa6      0x2e6 ./libopencm3/lib/libopencm3_stm32f4.a(i2c_common_v1.o)
 .debug_abbrev  0x00001d8c      0x185 ./libopencm3/lib/libopencm3_stm32f4.a(rcc_common_all.o)
 .debug_abbrev  0x00001f11      0x2da ./libopencm3/lib/libopencm3_stm32f4.a(rcc.o)
 .debug_abbrev  0x000021eb      0x1a9 ./libopencm3/lib/libopencm3_stm32f4.a(usart_common_all.o)
 .debug_abbrev  0x00002394       0xb6 ./libopencm3/lib/libopencm3_stm32f4.a(usart_common_f124.o)
 .debug_abbrev  0x0000244a      0x15f ./libopencm3/lib/libopencm3_stm32f4.a(vector.o)
 .debug_abbrev  0x000025a9       0xb6 ./libopencm3/lib/libopencm3_stm32f4.a(nvic.o)
 .debug_abbrev  0x0000265f       0x57 ./libopencm3/lib/libopencm3_stm32f4.a(dwt.o)

.debug_loclists
                0x00000000     0x32ac
 .debug_loclists
                0x00000000       0x6c build/delay.o
 .debug_loclists
                0x0000006c       0x89 build/log_engine.o
 .debug_loclists
                0x000000f5      0x127 build/send_log.o
 .debug_loclists
                0x0000021c       0x29 build/soil.o
 .debug_loclists
                0x00000245      0xf9b build/rtos/tasks.o
 .debug_loclists
                0x000011e0      0x9cd build/rtos/queue.o
 .debug_loclists
                0x00001bad       0x65 build/rtos/list.o
 .debug_loclists
                0x00001c12       0x82 build/rtos/port.o
 .debug_loclists
                0x00001c94      0x2df build/rtos/heap_4.o
 .debug_loclists
                0x00001f73      0x325 ./libopencm3/lib/libopencm3_stm32f4.a(adc_common_v1.o)
 .debug_loclists
                0x00002298       0xbe ./libopencm3/lib/libopencm3_stm32f4.a(adc_common_v1_multi.o)
 .debug_loclists
                0x00002356      0x109 ./libopencm3/lib/libopencm3_stm32f4.a(adc_common_f47.o)
 .debug_loclists
                0x0000245f       0x96 ./libopencm3/lib/libopencm3_stm32f4.a(gpio_common_all.o)
 .debug_loclists
                0x000024f5       0xf9 ./libopencm3/lib/libopencm3_stm32f4.a(gpio_common_f0234.o)
 .debug_loclists
                0x000025ee      0x348 ./libopencm3/lib/libopencm3_stm32f4.a(i2c_common_v1.o)
 .debug_loclists
                0x00002936       0x87 ./libopencm3/lib/libopencm3_stm32f4.a(rcc_common_all.o)
 .debug_loclists
                0x000029bd      0x52f ./libopencm3/lib/libopencm3_stm32f4.a(rcc.o)
 .debug_loclists
                0x00002eec      0x18e ./libopencm3/lib/libopencm3_stm32f4.a(usart_common_all.o)
 .debug_loclists
                0x0000307a       0x79 ./libopencm3/lib/libopencm3_stm32f4.a(usart_common_f124.o)
 .debug_loclists
                0x000030f3       0xa8 ./libopencm3/lib/libopencm3_stm32f4.a(vector.o)
 .debug_loclists
                0x0000319b      0x111 ./libopencm3/lib/libopencm3_stm32f4.a(nvic.o)

.debug_aranges  0x00000000      0xb68
 .debug_aranges
                0x00000000       0x30 build/delay.o
 .debug_aranges
                0x00000030       0x38 build/log_engine.o
 .debug_aranges
                0x00000068       0x20 build/main.o
 .debug_aranges
                0x00000088       0x40 build/periphery.o
 .debug_aranges
                0x000000c8       0x28 build/send_log.o
 .debug_aranges
                0x000000f0       0x30 build/soil.o
 .debug_aranges
                0x00000120      0x160 build/rtos/tasks.o
 .debug_aranges
                0x00000280       0xa8 build/rtos/queue.o
 .debug_aranges
                0x00000328       0x40 build/rtos/list.o
 .debug_aranges
                0x00000368       0x70 build/rtos/port.o
 .debug_aranges
                0x000003d8       0x48 build/rtos/heap_4.o
 .debug_aranges
                0x00000420      0x158 ./libopencm3/lib/libopencm3_stm32f4.a(adc_common_v1.o)
 .debug_aranges
                0x00000578       0xa8 ./libopencm3/lib/libopencm3_stm32f4.a(adc_common_v1_multi.o)
 .debug_aranges
                0x00000620       0x40 ./libopencm3/lib/libopencm3_stm32f4.a(adc_common_f47.o)
 .debug_aranges
                0x00000660       0x50 ./libopencm3/lib/libopencm3_stm32f4.a(gpio_common_all.o)
 .debug_aranges
                0x000006b0       0x30 ./libopencm3/lib/libopencm3_stm32f4.a(gpio_common_f0234.o)
 .debug_aranges
                0x000006e0      0x110 ./libopencm3/lib/libopencm3_stm32f4.a(i2c_common_v1.o)
 .debug_aranges
                0x000007f0       0x80 ./libopencm3/lib/libopencm3_stm32f4.a(rcc_common_all.o)
 .debug_aranges
                0x00000870      0x110 ./libopencm3/lib/libopencm3_stm32f4.a(rcc.o)
 .debug_aranges
                0x00000980       0xf0 ./libopencm3/lib/libopencm3_stm32f4.a(usart_common_all.o)
 .debug_aranges
                0x00000a70       0x40 ./libopencm3/lib/libopencm3_stm32f4.a(usart_common_f124.o)
 .debug_aranges
                0x00000ab0       0x30 ./libopencm3/lib/libopencm3_stm32f4.a(vector.o)
 .debug_aranges
                0x00000ae0       0x60 ./libopencm3/lib/libopencm3_stm32f4.a(nvic.o)
 .debug_aranges
                0x00000b40       0x28 ./libopencm3/lib/libopencm3_stm32f4.a(dwt.o)

.debug_rnglists
                0x00000000      0x9ec
 .debug_rnglists
                0x00000000       0x1f build/delay.o
 .debug_rnglists
                0x0000001f       0x26 build/log_engine.o
 .debug_rnglists
                0x00000045       0x1f build/main.o
 .debug_rnglists
                0x00000064       0x2c build/periphery.o
 .debug_rnglists
                0x00000090       0x26 build/send_log.o
 .debug_rnglists
                0x000000b6       0x1f build/soil.o
 .debug_rnglists
                0x000000d5      0x1d1 build/rtos/tasks.o
 .debug_rnglists
                0x000002a6      0x132 build/rtos/queue.o
 .debug_rnglists
                0x000003d8       0x2b build/rtos/list.o
 .debug_rnglists
                0x00000403       0x5b build/rtos/port.o
 .debug_rnglists
                0x0000045e       0x32 build/rtos/heap_4.o
 .debug_rnglists
                0x00000490       0xfd ./libopencm3/lib/libopencm3_stm32f4.a(adc_common_v1.o)
 .debug_rnglists
                0x0000058d       0x79 ./libopencm3/lib/libopencm3_stm32f4.a(adc_common_v1_multi.o)
 .debug_rnglists
                0x00000606       0x2b ./libopencm3/lib/libopencm3_stm32f4.a(adc_common_f47.o)
 .debug_rnglists
                0x00000631       0x37 ./libopencm3/lib/libopencm3_stm32f4.a(gpio_common_all.o)
 .debug_rnglists
                0x00000668       0x1f ./libopencm3/lib/libopencm3_stm32f4.a(gpio_common_f0234.o)
 .debug_rnglists
                0x00000687       0xd4 ./libopencm3/lib/libopencm3_stm32f4.a(i2c_common_v1.o)
 .debug_rnglists
                0x0000075b       0x5b ./libopencm3/lib/libopencm3_stm32f4.a(rcc_common_all.o)
 .debug_rnglists
                0x000007b6       0xe0 ./libopencm3/lib/libopencm3_stm32f4.a(rcc.o)
 .debug_rnglists
                0x00000896       0xaf ./libopencm3/lib/libopencm3_stm32f4.a(usart_common_all.o)
 .debug_rnglists
                0x00000945       0x2b ./libopencm3/lib/libopencm3_stm32f4.a(usart_common_f124.o)
 .debug_rnglists
                0x00000970       0x20 ./libopencm3/lib/libopencm3_stm32f4.a(vector.o)
 .debug_rnglists
                0x00000990       0x43 ./libopencm3/lib/libopencm3_stm32f4.a(nvic.o)
 .debug_rnglists
                0x000009d3       0x19 ./libopencm3/lib/libopencm3_stm32f4.a(dwt.o)

.debug_line     0x00000000     0x895b
 .debug_line    0x00000000      0x1db build/delay.o
 .debug_line    0x000001db      0x3fb build/log_engine.o
 .debug_line    0x000005d6      0x154 build/main.o
 .debug_line    0x0000072a      0x2d4 build/periphery.o
 .debug_line    0x000009fe      0x2ef build/send_log.o
 .debug_line    0x00000ced      0x1be build/soil.o
 .debug_line    0x00000eab     0x183d build/rtos/tasks.o
 .debug_line    0x000026e8      0xcf1 build/rtos/queue.o
 .debug_line    0x000033d9      0x2b1 build/rtos/list.o
 .debug_line    0x0000368a      0x333 build/rtos/port.o
 .debug_line    0x000039bd      0x4af build/rtos/heap_4.o
 .debug_line    0x00003e6c      0x906 ./libopencm3/lib/libopencm3_stm32f4.a(adc_common_v1.o)
 .debug_line    0x00004772      0x55c ./libopencm3/lib/libopencm3_stm32f4.a(adc_common_v1_multi.o)
 .debug_line    0x00004cce      0x461 ./libopencm3/lib/libopencm3_stm32f4.a(adc_common_f47.o)
 .debug_line    0x0000512f      0x424 ./libopencm3/lib/libopencm3_stm32f4.a(gpio_common_all.o)
 .debug_line    0x00005553      0x4fa ./libopencm3/lib/libopencm3_stm32f4.a(gpio_common_f0234.o)
 .debug_line    0x00005a4d      0x91d ./libopencm3/lib/libopencm3_stm32f4.a(i2c_common_v1.o)
 .debug_line    0x0000636a      0x4c2 ./libopencm3/lib/libopencm3_stm32f4.a(rcc_common_all.o)
 .debug_line    0x0000682c      0xb2e ./libopencm3/lib/libopencm3_stm32f4.a(rcc.o)
 .debug_line    0x0000735a      0x6fe ./libopencm3/lib/libopencm3_stm32f4.a(usart_common_all.o)
 .debug_line    0x00007a58      0x41a ./libopencm3/lib/libopencm3_stm32f4.a(usart_common_f124.o)
 .debug_line    0x00007e72      0x441 ./libopencm3/lib/libopencm3_stm32f4.a(vector.o)
 .debug_line    0x000082b3      0x3fd ./libopencm3/lib/libopencm3_stm32f4.a(nvic.o)
 .debug_line    0x000086b0      0x2ab ./libopencm3/lib/libopencm3_stm32f4.a(dwt.o)

.debug_str      0x00000000    0x15e6f
 .debug_str     0x00000000    0x15e6f build/delay.o
                                0x24b (size before relaxing)
 .debug_str     0x00015e6f      0x446 build/log_engine.o
 .debug_str     0x00015e6f      0x22a build/main.o
 .debug_str     0x00015e6f      0xac5 build/periphery.o
 .debug_str     0x00015e6f      0x2ae build/send_log.o
 .debug_str     0x00015e6f      0x25e build/soil.o
 .debug_str     0x00015e6f      0xe12 build/rtos/tasks.o
 .debug_str     0x00015e6f      0x83d build/rtos/queue.o
 .debug_str     0x00015e6f      0x30e build/rtos/list.o
 .debug_str     0x00015e6f      0x362 build/rtos/port.o
 .debug_str     0x00015e6f      0x3be build/rtos/heap_4.o
 .debug_str     0x00015e6f     0x7fe8 ./libopencm3/lib/libopencm3_stm32f4.a(adc_common_v1.o)
 .debug_str     0x00015e6f     0x7cd2 ./libopencm3/lib/libopencm3_stm32f4.a(adc_common_v1_multi.o)
 .debug_str     0x00015e6f     0x7b79 ./libopencm3/lib/libopencm3_stm32f4.a(adc_common_f47.o)
 .debug_str     0x00015e6f     0x6734 ./libopencm3/lib/libopencm3_stm32f4.a(gpio_common_all.o)
 .debug_str     0x00015e6f     0x6756 ./libopencm3/lib/libopencm3_stm32f4.a(gpio_common_f0234.o)
 .debug_str     0x00015e6f     0xa085 ./libopencm3/lib/libopencm3_stm32f4.a(i2c_common_v1.o)
 .debug_str     0x00015e6f     0x9af3 ./libopencm3/lib/libopencm3_stm32f4.a(rcc_common_all.o)
 .debug_str     0x00015e6f     0xa368 ./libopencm3/lib/libopencm3_stm32f4.a(rcc.o)
 .debug_str     0x00015e6f     0xa5b5 ./libopencm3/lib/libopencm3_stm32f4.a(usart_common_all.o)
 .debug_str     0x00015e6f     0xa321 ./libopencm3/lib/libopencm3_stm32f4.a(usart_common_f124.o)
 .debug_str     0x00015e6f     0x6fe9 ./libopencm3/lib/libopencm3_stm32f4.a(vector.o)
 .debug_str     0x00015e6f     0x6269 ./libopencm3/lib/libopencm3_stm32f4.a(nvic.o)
 .debug_str     0x00015e6f     0x5013 ./libopencm3/lib/libopencm3_stm32f4.a(dwt.o)

.comment        0x00000000       0x45
 .comment       0x00000000       0x45 build/delay.o
                                 0x46 (size before relaxing)
 .comment       0x00000045       0x46 build/log_engine.o
 .comment       0x00000045       0x46 build/main.o
 .comment       0x00000045       0x46 build/periphery.o
 .comment       0x00000045       0x46 build/send_log.o
 .comment       0x00000045       0x46 build/soil.o
 .comment       0x00000045       0x46 build/rtos/tasks.o
 .comment       0x00000045       0x46 build/rtos/queue.o
 .comment       0x00000045       0x46 build/rtos/list.o
 .comment       0x00000045       0x46 build/rtos/port.o
 .comment       0x00000045       0x46 build/rtos/heap_4.o
 .comment       0x00000045       0x46 ./libopencm3/lib/libopencm3_stm32f4.a(adc_common_v1.o)
 .comment       0x00000045       0x46 ./libopencm3/lib/libopencm3_stm32f4.a(adc_common_v1_multi.o)
 .comment       0x00000045       0x46 ./libopencm3/lib/libopencm3_stm32f4.a(adc_common_f47.o)
 .comment       0x00000045       0x46 ./libopencm3/lib/libopencm3_stm32f4.a(gpio_common_all.o)
 .comment       0x00000045       0x46 ./libopencm3/lib/libopencm3_stm32f4.a(gpio_common_f0234.o)
 .comment       0x00000045       0x46 ./libopencm3/lib/libopencm3_stm32f4.a(i2c_common_v1.o)
 .comment       0x00000045       0x46 ./libopencm3/lib/libopencm3_stm32f4.a(rcc_common_all.o)
 .comment       0x00000045       0x46 ./libopencm3/lib/libopencm3_stm32f4.a(rcc.o)
 .comment       0x00000045       0x46 ./libopencm3/lib/libopencm3_stm32f4.a(usart_common_all.o)
 .comment       0x00000045       0x46 ./libopencm3/lib/libopencm3_stm32f4.a(usart_common_f124.o)
 .comment       0x00000045       0x46 ./libopencm3/lib/libopencm3_stm32f4.a(vector.o)
 .comment       0x00000045       0x46 ./libopencm3/lib/libopencm3_stm32f4.a(nvic.o)
 .comment       0x00000045       0x46 ./libopencm3/lib/libopencm3_stm32f4.a(dwt.o)

.ARM.attributes
                0x00000000       0x32
 .ARM.attributes
                0x00000000       0x34 build/delay.o
 .ARM.attributes
                0x00000034       0x34 build/log_engine.o
 .ARM.attributes
                0x00000068       0x34 build/main.o
 .ARM.attributes
                0x0000009c       0x34 build/periphery.o
 .ARM.attributes
                0x000000d0       0x34 build/send_log.o
 .ARM.attributes
                0x00000104       0x34 build/soil.o
 .ARM.attributes
                0x00000138       0x34 build/rtos/tasks.o
 .ARM.attributes
                0x0000016c       0x34 build/rtos/queue.o
 .ARM.attributes
                0x000001a0       0x34 build/rtos/list.o
 .ARM.attributes
                0x000001d4       0x34 build/rtos/port.o
 .ARM.attributes
                0x00000208       0x34 build/rtos/heap_4.o
 .ARM.attributes
                0x0000023c       0x34 /opt/arm-gnu-toolchain-14.2.rel1-x86_64-arm-none-eabi/bin/../lib/gcc/arm-none-eabi/14.2.1/../../../../arm-none-eabi/lib/thumb/v7e-m+fp/hard/libc.a(libc_a-memset.o)
 .ARM.attributes
                0x00000270       0x20 /opt/arm-gnu-toolchain-14.2.rel1-x86_64-arm-none-eabi/bin/../lib/gcc/arm-none-eabi/14.2.1/../../../../arm-none-eabi/lib/thumb/v7e-m+fp/hard/libc.a(libc_a-memcpy.o)
 .ARM.attributes
                0x00000290       0x34 ./libopencm3/lib/libopencm3_stm32f4.a(adc_common_v1.o)
 .ARM.attributes
                0x000002c4       0x34 ./libopencm3/lib/libopencm3_stm32f4.a(adc_common_v1_multi.o)
 .ARM.attributes
                0x000002f8       0x34 ./libopencm3/lib/libopencm3_stm32f4.a(adc_common_f47.o)
 .ARM.attributes
                0x0000032c       0x34 ./libopencm3/lib/libopencm3_stm32f4.a(gpio_common_all.o)
 .ARM.attributes
                0x00000360       0x34 ./libopencm3/lib/libopencm3_stm32f4.a(gpio_common_f0234.o)
 .ARM.attributes
                0x00000394       0x34 ./libopencm3/lib/libopencm3_stm32f4.a(i2c_common_v1.o)
 .ARM.attributes
                0x000003c8       0x34 ./libopencm3/lib/libopencm3_stm32f4.a(rcc_common_all.o)
 .ARM.attributes
                0x000003fc       0x34 ./libopencm3/lib/libopencm3_stm32f4.a(rcc.o)
 .ARM.attributes
                0x00000430       0x34 ./libopencm3/lib/libopencm3_stm32f4.a(usart_common_all.o)
 .ARM.attributes
                0x00000464       0x34 ./libopencm3/lib/libopencm3_stm32f4.a(usart_common_f124.o)
 .ARM.attributes
                0x00000498       0x34 ./libopencm3/lib/libopencm3_stm32f4.a(vector.o)
 .ARM.attributes
                0x000004cc       0x34 ./libopencm3/lib/libopencm3_stm32f4.a(nvic.o)
 .ARM.attributes
                0x00000500       0x34 ./libopencm3/lib/libopencm3_stm32f4.a(dwt.o)

.debug_frame    0x00000000     0x18bc
 .debug_frame   0x00000000       0x54 build/delay.o
 .debug_frame   0x00000054       0x84 build/log_engine.o
 .debug_frame   0x000000d8       0x28 build/main.o
 .debug_frame   0x00000100       0x9c build/periphery.o
 .debug_frame   0x0000019c       0x54 build/send_log.o
 .debug_frame   0x000001f0       0x50 build/soil.o
 .debug_frame   0x00000240      0x468 build/rtos/tasks.o
 .debug_frame   0x000006a8      0x200 build/rtos/queue.o
 .debug_frame   0x000008a8       0x6c build/rtos/list.o
 .debug_frame   0x00000914       0xd0 build/rtos/port.o
 .debug_frame   0x000009e4       0x98 build/rtos/heap_4.o
 .debug_frame   0x00000a7c       0x2c /opt/arm-gnu-toolchain-14.2.rel1-x86_64-arm-none-eabi/bin/../lib/gcc/arm-none-eabi/14.2.1/../../../../arm-none-eabi/lib/thumb/v7e-m+fp/hard/libc.a(libc_a-memset.o)
 .debug_frame   0x00000aa8       0x28 /opt/arm-gnu-toolchain-14.2.rel1-x86_64-arm-none-eabi/bin/../lib/gcc/arm-none-eabi/14.2.1/../../../../arm-none-eabi/lib/thumb/v7e-m+fp/hard/libc.a(libc_a-memcpy.o)
 .debug_frame   0x00000ad0      0x2b4 ./libopencm3/lib/libopencm3_stm32f4.a(adc_common_v1.o)
 .debug_frame   0x00000d84      0x130 ./libopencm3/lib/libopencm3_stm32f4.a(adc_common_v1_multi.o)
 .debug_frame   0x00000eb4       0x70 ./libopencm3/lib/libopencm3_stm32f4.a(adc_common_f47.o)
 .debug_frame   0x00000f24       0x80 ./libopencm3/lib/libopencm3_stm32f4.a(gpio_common_all.o)
 .debug_frame   0x00000fa4       0x70 ./libopencm3/lib/libopencm3_stm32f4.a(gpio_common_f0234.o)
 .debug_frame   0x00001014      0x22c ./libopencm3/lib/libopencm3_stm32f4.a(i2c_common_v1.o)
 .debug_frame   0x00001240       0xe0 ./libopencm3/lib/libopencm3_stm32f4.a(rcc_common_all.o)
 .debug_frame   0x00001320      0x234 ./libopencm3/lib/libopencm3_stm32f4.a(rcc.o)
 .debug_frame   0x00001554      0x1ec ./libopencm3/lib/libopencm3_stm32f4.a(usart_common_all.o)
 .debug_frame   0x00001740       0x60 ./libopencm3/lib/libopencm3_stm32f4.a(usart_common_f124.o)
 .debug_frame   0x000017a0       0x4c ./libopencm3/lib/libopencm3_stm32f4.a(vector.o)
 .debug_frame   0x000017ec       0xa0 ./libopencm3/lib/libopencm3_stm32f4.a(nvic.o)
 .debug_frame   0x0000188c       0x30 ./libopencm3/lib/libopencm3_stm32f4.a(dwt.o)

.debug_line_str
                0x00000000       0xdc
 .debug_line_str
                0x00000000       0xdc /opt/arm-gnu-toolchain-14.2.rel1-x86_64-arm-none-eabi/bin/../lib/gcc/arm-none-eabi/14.2.1/../../../../arm-none-eabi/lib/thumb/v7e-m+fp/hard/libc.a(libc_a-memcpy.o)

.debug_macro    0x00000000     0x50f4
 .debug_macro   0x00000000       0xc7 ./libopencm3/lib/libopencm3_stm32f4.a(adc_common_v1.o)
 .debug_macro   0x000000c7      0xacc ./libopencm3/lib/libopencm3_stm32f4.a(adc_common_v1.o)
 .debug_macro   0x00000b93       0x1c ./libopencm3/lib/libopencm3_stm32f4.a(adc_common_v1.o)
 .debug_macro   0x00000baf       0x22 ./libopencm3/lib/libopencm3_stm32f4.a(adc_common_v1.o)
 .debug_macro   0x00000bd1       0x56 ./libopencm3/lib/libopencm3_stm32f4.a(adc_common_v1.o)
 .debug_macro   0x00000c27       0x51 ./libopencm3/lib/libopencm3_stm32f4.a(adc_common_v1.o)
 .debug_macro   0x00000c78      0x103 ./libopencm3/lib/libopencm3_stm32f4.a(adc_common_v1.o)
 .debug_macro   0x00000d7b       0x6a ./libopencm3/lib/libopencm3_stm32f4.a(adc_common_v1.o)
 .debug_macro   0x00000de5      0x1df ./libopencm3/lib/libopencm3_stm32f4.a(adc_common_v1.o)
 .debug_macro   0x00000fc4       0x22 ./libopencm3/lib/libopencm3_stm32f4.a(adc_common_v1.o)
 .debug_macro   0x00000fe6       0xe8 ./libopencm3/lib/libopencm3_stm32f4.a(adc_common_v1.o)
 .debug_macro   0x000010ce       0x76 ./libopencm3/lib/libopencm3_stm32f4.a(adc_common_v1.o)
 .debug_macro   0x00001144      0x280 ./libopencm3/lib/libopencm3_stm32f4.a(adc_common_v1.o)
 .debug_macro   0x000013c4      0x449 ./libopencm3/lib/libopencm3_stm32f4.a(adc_common_v1.o)
 .debug_macro   0x0000180d      0x2d5 ./libopencm3/lib/libopencm3_stm32f4.a(adc_common_v1.o)
 .debug_macro   0x00001ae2      0x1be ./libopencm3/lib/libopencm3_stm32f4.a(adc_common_v1.o)
 .debug_macro   0x00001ca0       0xc7 ./libopencm3/lib/libopencm3_stm32f4.a(adc_common_v1_multi.o)
 .debug_macro   0x00001d67       0xc7 ./libopencm3/lib/libopencm3_stm32f4.a(adc_common_f47.o)
 .debug_macro   0x00001e2e       0xd1 ./libopencm3/lib/libopencm3_stm32f4.a(gpio_common_all.o)
 .debug_macro   0x00001eff       0x76 ./libopencm3/lib/libopencm3_stm32f4.a(gpio_common_all.o)
 .debug_macro   0x00001f75      0x37e ./libopencm3/lib/libopencm3_stm32f4.a(gpio_common_all.o)
 .debug_macro   0x000022f3       0xca ./libopencm3/lib/libopencm3_stm32f4.a(gpio_common_all.o)
 .debug_macro   0x000023bd       0xd1 ./libopencm3/lib/libopencm3_stm32f4.a(gpio_common_f0234.o)
 .debug_macro   0x0000248e      0x101 ./libopencm3/lib/libopencm3_stm32f4.a(i2c_common_v1.o)
 .debug_macro   0x0000258f      0x189 ./libopencm3/lib/libopencm3_stm32f4.a(i2c_common_v1.o)
 .debug_macro   0x00002718      0x249 ./libopencm3/lib/libopencm3_stm32f4.a(i2c_common_v1.o)
 .debug_macro   0x00002961       0x2e ./libopencm3/lib/libopencm3_stm32f4.a(i2c_common_v1.o)
 .debug_macro   0x0000298f       0x8e ./libopencm3/lib/libopencm3_stm32f4.a(i2c_common_v1.o)
 .debug_macro   0x00002a1d       0x46 ./libopencm3/lib/libopencm3_stm32f4.a(i2c_common_v1.o)
 .debug_macro   0x00002a63      0xcea ./libopencm3/lib/libopencm3_stm32f4.a(i2c_common_v1.o)
 .debug_macro   0x0000374d       0xf0 ./libopencm3/lib/libopencm3_stm32f4.a(rcc_common_all.o)
 .debug_macro   0x0000383d      0x124 ./libopencm3/lib/libopencm3_stm32f4.a(rcc.o)
 .debug_macro   0x00003961       0x16 ./libopencm3/lib/libopencm3_stm32f4.a(rcc.o)
 .debug_macro   0x00003977       0x1c ./libopencm3/lib/libopencm3_stm32f4.a(rcc.o)
 .debug_macro   0x00003993      0x143 ./libopencm3/lib/libopencm3_stm32f4.a(rcc.o)
 .debug_macro   0x00003ad6       0x10 ./libopencm3/lib/libopencm3_stm32f4.a(rcc.o)
 .debug_macro   0x00003ae6      0x10b ./libopencm3/lib/libopencm3_stm32f4.a(usart_common_all.o)
 .debug_macro   0x00003bf1       0x94 ./libopencm3/lib/libopencm3_stm32f4.a(usart_common_all.o)
 .debug_macro   0x00003c85      0x29e ./libopencm3/lib/libopencm3_stm32f4.a(usart_common_all.o)
 .debug_macro   0x00003f23       0xa0 ./libopencm3/lib/libopencm3_stm32f4.a(usart_common_all.o)
 .debug_macro   0x00003fc3      0x10b ./libopencm3/lib/libopencm3_stm32f4.a(usart_common_f124.o)
 .debug_macro   0x000040ce       0xd3 ./libopencm3/lib/libopencm3_stm32f4.a(vector.o)
 .debug_macro   0x000041a1      0x452 ./libopencm3/lib/libopencm3_stm32f4.a(vector.o)
 .debug_macro   0x000045f3       0x6e ./libopencm3/lib/libopencm3_stm32f4.a(vector.o)
 .debug_macro   0x00004661      0x22c ./libopencm3/lib/libopencm3_stm32f4.a(vector.o)
 .debug_macro   0x0000488d       0xb3 ./libopencm3/lib/libopencm3_stm32f4.a(nvic.o)
 .debug_macro   0x00004940       0x68 ./libopencm3/lib/libopencm3_stm32f4.a(nvic.o)
 .debug_macro   0x000049a8      0x458 ./libopencm3/lib/libopencm3_stm32f4.a(nvic.o)
 .debug_macro   0x00004e00       0x9b ./libopencm3/lib/libopencm3_stm32f4.a(dwt.o)
 .debug_macro   0x00004e9b       0xeb ./libopencm3/lib/libopencm3_stm32f4.a(dwt.o)
 .debug_macro   0x00004f86      0x16e ./libopencm3/lib/libopencm3_stm32f4.a(dwt.o)
